// Jest Snapshot v1, https://goo.gl/fbAQLP

exports[`SchemaManager.generateTypingsFileContents Generates TypeScript typings 1`] = `
"/**
 * JSONResume schema
 *
 * ==================== DO NOT MODIFY IT BY HAND ====================
 * This file was automatically generated by json-schema-to-typescript
 * for JSONResume schema.
 *
 * If you need to change schema, generate another version using
 * SchemaManager.
 *
 * {@link SchemaManager.generateTypingsFileContents}
 */

export interface ResumeSchema {
  basics?: {
    name: string;
    /**
     * e.g. Web Developer
     */
    label?: string;
    [k: string]: any;
  };
  bar?: any;
  foo?: any;
}
"
`;

exports[`SchemaManager.generateTypingsFileContents Generates TypeScript typings 2`] = `
Array [
  Object {
    "$schema": "http://json-schema.org/draft-04/schema#",
    "additionalProperties": false,
    "id": "WhateverGoes",
    "properties": Object {
      "bar": Object {},
      "basics": Object {
        "additionalProperties": true,
        "properties": Object {
          "label": Object {
            "description": "e.g. Web Developer",
            "type": "string",
          },
          "name": Object {
            "type": "string",
          },
        },
        "required": Array [
          "name",
        ],
        "type": "object",
      },
      "foo": Object {},
    },
    "title": "Resume Schema",
    "type": "object",
  },
]
`;

exports[`SchemaManager.parse Returns a JSON string ONLY when valid 1`] = `"\\"{\\\\\\"name\\\\\\":\\\\\\"John Doe\\\\\\",\\\\\\"label\\\\\\":\\\\\\"Software Developer\\\\\\",\\\\\\"drivingLicenseClasses\\\\\\":[5]}\\""`;
